5.100000
4.700000
9.800000
0.400000
17.850000
15.300000
15.300000
